{
 "app_config_rows": [
  {
   "key": "system_settings",
   "vt": "{\"siteName\": \"p4b2c:siteA\", \"maintenance\": false, \"maxDailyTasks\": 10, \"pointsPerTask\": 100, \"rewardCooldown\": 24, \"defaultLanguage\": \"zh\", \"siteDescription\": \"去中心化社区奖励平台\", \"allowRegistration\": true, \"emailNotifications\": true}"
  }
 ],
 "currency": {
  "n": "15",
  "mx": "36",
  "dg": "692b67e77b7200cabb3bae49132bcea2"
 },
 "ledger_entry": {
  "n": "355",
  "mx": "366",
  "dg": "f92c5406c8424ff50994d2ba6de81545"
 },
 "account": {
  "n": "39",
  "dg": "98bcfeea69807ba05961c474caef17a9"
 },
 "status_log": {
  "n": "7",
  "ml": "7"
 },
 "seq": [
  {
   "s": "ledger_entry_txid_seq",
   "lv": "426"
  },
  {
   "s": "currency_status_log_log_id_seq",
   "lv": "22"
  },
  {
   "s": "currency_cid_seq",
   "lv": "36"
  }
 ]
}
