# D20 残差只读清单  RUN=20260928T133943Z009o  2026-09-28T13:40:44.984Z
（只读盘点；deletes_performed=0；平台 uid 0/-1/-2/-3 与 cid=1 为合法产物，不列残差）

## A) 逐表 count(*)
| table | count |
|---|---|
| public.users | 456 |
| public.currency | 101 |
| public.account | 327 |
| public.ledger_entry | 2755 |
| public.referral | 219 |
| public.job | 110 |
| public.job_application | 32 |
| public.job_submission | 10 |
| public.listing | 62 |
| public.listing_order | 21 |
| public.market_order | 68 |
| public.market_trade | 19 |
| public.commission_policy | 19 |
| public.admin_role | 0 |
| public.admin_user_role | 0 |
| public.admin_permission | 0 |
| public.admin_role_permission | 0 |
| public.ledger_owner | 4 |
| public.app_config | 0 |
| public.currency_status_log | 0 |
| public.schema_migration | 17 |

## B) 夹具 uid 窗口直方图 (left(uid,4))
| table.col | 9903 | 9904 | 9905 | 9906 | 9907 | 9908 |
|---|---|---|---|---|---|---|
| users.uid | 4 | 4 | 4 | 4 | 0 | 0 |
| account.uid | 3 | 3 | 7 | 7 | 0 | 0 |
| ledger_entry.uid | 67 | 14 | 114 | 138 | 0 | 0 |
| referral.child_uid | 0 | 0 | 0 | 0 | 0 | 0 |
| referral.parent_uid | 0 | 0 | 0 | 0 | 0 | 0 |
| currency.owner_uid | 0 | 0 | 0 | 0 | 0 | 0 |
| job.employer_uid | 0 | 0 | 0 | 0 | 0 | 0 |
| job.worker_uid | 0 | 0 | 0 | 0 | 0 | 0 |
| job_application.worker_uid | 0 | 0 | 0 | 0 | 0 | 0 |
| job_submission.worker_uid | 0 | 0 | 0 | 0 | 0 | 0 |
| listing.seller_uid | 39 | 23 | 0 | 0 | 0 | 0 |
| listing_order.buyer_uid | 6 | 15 | 0 | 0 | 0 | 0 |
| listing_order.seller_uid | 6 | 15 | 0 | 0 | 0 | 0 |
| market_order.owner_uid | 0 | 0 | 26 | 42 | 0 | 0 |
| market_trade.taker_uid | 0 | 0 | 8 | 11 | 0 | 0 |
| commission_policy.created_by | 0 | 0 | 0 | 0 | 0 | 0 |

## C) 幂等键/create_key 命名空间前缀
- ledger_entry.idempotency_key: biz=1534, cli=136, ops=1075, cm=10
- job.create_key: cli=110
- job_application.create_key: cli=32
- job_submission.create_key: cli=10
- listing.create_key: cli=62
- listing_order.create_key: cli=21
- market_order.create_key: cli=68
- 命中 interesting 前缀: ledger_entry.idempotency_key:cli=136, ledger_entry.idempotency_key:ops=1075, job.create_key:cli=110, job_application.create_key:cli=32, job_submission.create_key:cli=10, listing.create_key:cli=62, listing_order.create_key:cli=21, market_order.create_key:cli=68

## D) 角色键
- admin_role: 
- admin_user_role: 

## E) currency / commission_policy
- currency status hist: listed=86, draft=15
- currency cids: 1($/listed), 100(p1eSi2cqn/listed), 101(p1eTi2cqn/listed), 102(p1eEi2cqn/draft), 103(p1eKi2cqn/listed), 104(P1HMUJI3ABV/listed), 105(P1HMUJI41DM/listed), 106(P1KI5XPD/listed), 107(smkujif1ld/draft), 108(p1eSifvf8/listed), 109(p1eTifvf8/listed), 110(p1eEifvf8/draft), 111(p1eKifvf8/listed), 112(P1HMUJIGVZ3/listed), 113(P1HMUJIHGW8/listed), 114(P1PMUJIUD5J/listed), 115(P1PMUJJ2PHX/listed), 116(smkujj741s/draft), 117(p1eSj7tbc/listed), 118(p1eTj7tbc/listed), 119(p1eEj7tbc/draft), 120(p1eKj7tbc/listed), 121(P1HMUJJ8XY2/listed), 122(P1HMUJJ9VTP/listed), 123(P1PMUJJBPT2/listed), 124(p1qP2B/listed), 125(smkujn6bog/draft), 126(p1eSn750p/listed), 127(p1eTn750p/listed), 128(p1eEn750p/draft), 129(p1eKn750p/listed), 130(P1HMUJN7UK1/listed), 131(P1HMUJN8ILT/listed), 132(P1PMUJN9W9C/listed), 133(smkujnqcqk/draft), 134(p1eSnqvdd/listed), 135(p1eTnqvdd/listed), 136(p1eEnqvdd/draft), 137(p1eKnqvdd/listed), 138(P1HMUJNRLL3/listed), 139(P1HMUJNSASD/listed), 140(P1PMUJNTM9U/listed), 141(P1PMUJNXSI6/listed), 142(p1sP2D/listed), 144(smkujog784/draft), 145(p1eSogsdm/listed), 146(p1eTogsdm/listed), 147(p1eEogsdm/draft), 148(p1eKogsdm/listed), 149(P1HMUJOHWSX/listed), 150(P1HMUJOIETS/listed), 151(P1PMUJOJQXJ/listed), 152(P1PMUJOLUQJ/listed), 153(smkujp5sju/draft), 154(p1eSp6da5/listed), 155(p1eTp6da5/listed), 156(p1eEp6da5/draft), 157(p1eKp6da5/listed), 158(P1HMUJP73WS/listed), 159(P1HMUJP7K1X/listed), 160(P1PMUJPEOEO/listed), 161(p1u0P01A/listed), 162(p1u0P02A/listed), 163(p1u6P02A/listed), 164(p1u0P03A/listed), 165(p1u0P03B/listed), 166(p1u0P03C/listed), 167(p1u0P03D/listed), 168(p1u4P04A/listed), 169(p1u0P01B/listed), 170(p1u4P04B/listed), 171(p1u4P04C/listed), 172(p1u4P04D/listed), 173(p1u5P05A/listed), 174(p1u5P05B/listed), 175(p1u5P05C/listed), 177(p1u6P06A/listed), 178(P1PMUJQM252/listed), 180(p1w242848/listed), 183(p1x2ZXPKQ/listed), 186(p1x2ZXQFD/listed), 192(p1yMINT0002/listed), 193(p1y1t6jxe/listed), 194(p1y959717/listed), 195(p1yacvlz3/listed), 196(p1y3khacf/listed), 197(p2xc960519/listed), 198(p2xd960519/listed), 203(p2xc960379/listed), 204(p2xd960379/listed), 210(p2xc960645/listed), 211(p2xd960645/listed), 217(p2xc960057/listed), 218(p2xd960057/listed), 228(p2xc960197/listed), 229(p2xd960197/listed), 235(p2xq960737/listed), 236(p2xq960453/listed), 238(p2qa21lue89/listed), 99(smkuji1kf3/draft), 991001(neng48-atk/draft)
- commission_policy_ids: 1, 20, 21, 22, 23, 24, 25, 26, 27, 28, 29, 30, 31, 32, 33, 34, 35, 36, 37

## F) $（cid=1）敏感性预演
- total_supply(cid=1)      = 8400
- account_sum NOW          = 8400  (rows=45)
- account_sum EXCL windows = 4099  (rows=31)
- by window: -1:sum=12,rows=1 | -2:sum=0,rows=1 | -3:sum=0,rows=1 | 0:sum=0,rows=1 | 10:sum=900,rows=1 | 11:sum=200,rows=1 | 12:sum=0,rows=1 | 54:sum=0,rows=1 | 55:sum=100,rows=1 | 6:sum=1000,rows=1 | 7:sum=0,rows=1 | 8:sum=200,rows=1 | 9:sum=0,rows=1 | 9000:sum=80,rows=3 | 9547:sum=0,rows=8 | 9901:sum=1607,rows=7 | 9903:sum=1508,rows=3 | 9904:sum=120,rows=3 | 9905:sum=1076,rows=4 | 9906:sum=1597,rows=4
- negative-uid rows: uid=-3:sum=0, uid=-2:sum=0, uid=-1:sum=12

## G) 具名夹具计数
- currency cid=991001 (draft) = 1
- ledger_entry idempotency_key LIKE p3p:% = 0
- ledger_entry idempotency_key LIKE cli:% = 136
- ledger_entry idempotency_key LIKE ops:% = 1075
- ledger_entry idempotency_key LIKE neng% = 0
- users left(uid,4) IN windows = 16
- commission_policy 1+20..37 = 19

artifact_json=/Users/kevin/bistro/seafood/backend-ts/.p3q-artifacts/p3q-01-d20-residual-20260928T133943Z009o.json
artifact_txt=/Users/kevin/bistro/seafood/backend-ts/.p3q-artifacts/p3q-01-d20-residual-20260928T133943Z009o.txt
--- EXIT_OK RUN=20260928T133943Z009o ---
