FATAL ErrorEvent {
  [Symbol(kTarget)]: WebSocket {
    _events: [Object: null prototype] {
      error: [Function],
      message: [Function],
      close: [Function],
      open: [Function]
    },
    _eventsCount: 4,
    _maxListeners: undefined,
    _binaryType: 'arraybuffer',
    _closeCode: 1006,
    _closeFrameReceived: false,
    _closeFrameSent: false,
    _closeMessage: <Buffer >,
    _closeTimer: null,
    _errorEmitted: true,
    _extensions: {},
    _paused: false,
    _protocol: '',
    _readyState: 3,
    _receiver: null,
    _sender: null,
    _socket: null,
    _bufferedAmount: 0,
    _isServer: false,
    _redirects: 0,
    _autoPong: true,
    _closeTimeout: 30000,
    _url: 'wss://ep-holy-forest-b3fi7u3u.c-4.ap-southeast-1.aws.neon.tech/v2',
    _req: null,
    [Symbol(kCapture)]: false
  },
  [Symbol(kType)]: 'error',
  [Symbol(kError)]: Error: Client network socket disconnected before secure TLS connection was established
      at connResetException (node:internal/errors:720:14)
      at TLSSocket.onConnectEnd (node:_tls_wrap:1714:19)
      at TLSSocket.emit (node:events:529:35)
      at TLSSocket.emit (node:domain:489:12)
      at endReadableNT (node:internal/streams/readable:1400:12)
      at processTicksAndRejections (node:internal/process/task_queues:82:21) {
    code: 'ECONNRESET',
    path: undefined,
    host: 'ep-holy-forest-b3fi7u3u.c-4.ap-southeast-1.aws.neon.tech',
    port: 443,
    localAddress: undefined
  },
  [Symbol(kMessage)]: 'Client network socket disconnected before secure TLS connection was established'
}
