{
 "unit": "P9S6-NENG-THRESHOLD-RO",
 "generated_at": "2026-10-03T11:13:33.779Z",
 "batt_policy_defaults": {
  "taskCostBatt": 9,
  "capBatt": 100,
  "floorBatt": 0,
  "acceptThresholdBatt": 9
 },
 "rp_null": {
  "policy": {
   "taskCostBatt": 9,
   "capBatt": 100,
   "floorBatt": 0,
   "acceptThresholdBatt": 9
  },
  "source": "constant"
 },
 "rp_bad": {
  "policy": {
   "taskCostBatt": 9,
   "capBatt": 100,
   "floorBatt": 0,
   "acceptThresholdBatt": 9
  },
  "source": "config"
 },
 "uid_970213": {
  "status": 200,
  "body": {
   "success": true,
   "message": "OK",
   "data": {
    "batt": 30,
    "capBatt": 100,
    "floorBatt": 0,
    "acceptThresholdBatt": 9,
    "canAccept": true,
    "updated_at": "2026-10-03T10:09:13.211Z",
    "bttc": {
     "symbol": "BTTC",
     "name": "battcoin",
     "decimals": 0,
     "status": null,
     "totalSupply": "0",
     "balance": "0",
     "canMint": false,
     "canBurn": false,
     "policy": {
      "mintBattCost": 100,
      "mintFeeUsd": 1,
      "burnBttcCost": 1,
      "burnFeeUsd": 1,
      "burnBattGain": 100
     },
     "source": "constant"
    }
   }
  }
 },
 "uid_11": {
  "status": 200,
  "body": {
   "success": true,
   "message": "OK",
   "data": {
    "batt": 30,
    "capBatt": 100,
    "floorBatt": 0,
    "acceptThresholdBatt": 9,
    "canAccept": true,
    "updated_at": "2026-10-03T10:09:13.211Z",
    "bttc": {
     "symbol": "BTTC",
     "name": "battcoin",
     "decimals": 0,
     "status": null,
     "totalSupply": "0",
     "balance": "0",
     "canMint": false,
     "canBurn": false,
     "policy": {
      "mintBattCost": 100,
      "mintFeeUsd": 1,
      "burnBttcCost": 1,
      "burnFeeUsd": 1,
      "burnBattGain": 100
     },
     "source": "constant"
    }
   }
  }
 },
 "uid_2": {
  "status": 200,
  "body": {
   "success": true,
   "message": "OK",
   "data": {
    "batt": 30,
    "capBatt": 100,
    "floorBatt": 0,
    "acceptThresholdBatt": 9,
    "canAccept": true,
    "updated_at": "2026-10-03T02:59:03.876Z",
    "bttc": {
     "symbol": "BTTC",
     "name": "battcoin",
     "decimals": 0,
     "status": null,
     "totalSupply": "0",
     "balance": "0",
     "canMint": false,
     "canBurn": false,
     "policy": {
      "mintBattCost": 100,
      "mintFeeUsd": 1,
      "burnBttcCost": 1,
      "burnFeeUsd": 1,
      "burnBattGain": 100
     },
     "source": "constant"
    }
   }
  }
 }
}
