{
 "unit": "P9S6-NENG-0040-DB-RO",
 "generated_at": "2026-10-03T11:19:00.860Z",
 "mig": {
  "n": 39,
  "max_v": "0040"
 },
 "mig_0040": [
  {
   "version": "0040",
   "name": "0040_backfill_signup_batt.sql",
   "checksum": "efa38fee102d86792b68669ca5b7a17a8d5c2ea2d4a98ca8702fb8c10be2c29a",
   "applied_at": "2026-10-03 10:09:13.211708+00"
  }
 ],
 "batt_account_n": 56,
 "batt_entry_n": 56,
 "users_n": 56,
 "by_reason": [
  {
   "reason": "checkin",
   "n": 2,
   "sum_delta": 60
  },
  {
   "reason": "invite_signup",
   "n": 54,
   "sum_delta": 1620
  }
 ],
 "backfill": {
  "n": 54,
  "uniq_uid": 54,
  "min_d": 30,
  "max_d": 30,
  "min_a": 30,
  "max_a": 30
 },
 "backfill_bad": {
  "bad_delta": 0,
  "bad_after": 0,
  "bad_reason": 0,
  "bad_key": 0,
  "bad_memo": 0
 },
 "backfill_acct_batt_bad": 0,
 "backfill_acct_batt_hist": [
  {
   "batt": 30,
   "n": 54
  }
 ],
 "dup_keys": 0,
 "out_of_range": 0,
 "remaining_target_full": 0,
 "remaining_no_acct": 0,
 "remaining_no_invite_entry": 2,
 "preexist_acct": [
  {
   "uid": "2",
   "batt": 30,
   "t_created": "2026-10-03 02:59:03.876765+00",
   "t_updated": "2026-10-03 02:59:03.876765+00"
  },
  {
   "uid": "12",
   "batt": 30,
   "t_created": "2026-10-03 02:57:24.133372+00",
   "t_updated": "2026-10-03 02:57:24.133372+00"
  }
 ],
 "preexist_acct_md5": "9f9f8a6fb103770302d5f4c821a10848",
 "preexist_entry": [
  {
   "txid": "47",
   "uid": "12",
   "delta": 30,
   "batt_after": 30,
   "reason": "checkin",
   "idempotency_key": "biz:checkin:12:2026-10-03",
   "memo": "",
   "t_created": "2026-10-03 02:57:24.133372+00"
  },
  {
   "txid": "48",
   "uid": "2",
   "delta": 30,
   "batt_after": 30,
   "reason": "checkin",
   "idempotency_key": "biz:checkin:2:2026-10-03",
   "memo": "",
   "t_created": "2026-10-03 02:59:03.876765+00"
  }
 ],
 "preexist_entry_md5": "0209557e1d181bb08a16345b0ba174a4",
 "applied_at": "2026-10-03 10:09:13.211708+00",
 "kevin_user": [
  {
   "uid": "970213",
   "evm": "0x59f9f640d15ebb053c94a816232cf8ce91b209b0",
   "is_admin": false
  }
 ],
 "kevin_uid_970213": [
  {
   "uid": "970213",
   "batt": 30,
   "entry_n": 1,
   "invite_signup_n": 1
  }
 ],
 "kevin_entries": [
  {
   "txid": "326",
   "delta": 30,
   "batt_after": 30,
   "reason": "invite_signup",
   "idempotency_key": "biz:backfill:invite-signup:970213",
   "memo": "存量补发（R-9-81 · D2）：P9⑤ 前注册用户一次性补发 +30 batt"
  }
 ],
 "batt_policy_row": []
}
